#
# A fatal error has been detected by the Java Runtime Environment:
#
#  EXCEPTION_ACCESS_VIOLATION (0xc0000005) at pc=0x00007ffcea213bd1, pid=5060, tid=13824
#
# JRE version: OpenJDK Runtime Environment Corretto-21.0.3.9.1 (21.0.3+9) (build 21.0.3+9-LTS)
# Java VM: OpenJDK 64-Bit Server VM Corretto-21.0.3.9.1 (21.0.3+9-LTS, mixed mode, sharing, tiered, compressed oops, compressed class ptrs, g1 gc, windows-amd64)
# Problematic frame:
# V  [jvm.dll+0x443bd1]
#
# No core dump will be written. Minidumps are not enabled by default on client versions of Windows
#
# If you would like to submit a bug report, please visit:
#   https://github.com/corretto/corretto-21/issues/
#

---------------  S U M M A R Y ------------

Command Line: -agentlib:jdwp=transport=dt_socket,address=127.0.0.1:53188,suspend=y,server=n -javaagent:C:/Users/Семья/.gradle/caches/modules-2/files-2.1/org.jetbrains.kotlinx/kotlinx-coroutines-core-jvm/1.6.4/2c997cd1c0ef33f3e751d3831929aeff1390cb30/kotlinx-coroutines-core-jvm-1.6.4.jar -javaagent:C:\Users\Семья\Downloads\ideaIC-2024.1.4.win\plugins\java\lib\rt\debugger-agent.jar=file:/C:/Users/%D0%A1%D0%B5%D0%BC%D1%8C%D1%8F/AppData/Local/Temp/capture.props -Dfile.encoding=UTF-8 -Dsun.stdout.encoding=UTF-8 -Dsun.stderr.encoding=UTF-8 MainKt

Host: AMD Phenom(tm) II X6 1055T Processor, 6 cores, 15G,  Windows 10 , 64 bit Build 19041 (10.0.19041.3636)
Time: Fri Jul 12 18:20:19 2024 RTZ 4 (s 10 , 64 bit Build 19041 (10.0.19041.3636) elapsed time: 8.478358 seconds (0d 0h 0m 8s)

---------------  T H R E A D  ---------------

Current thread (0x000002644ec283d0):  JavaThread "AWT-EventQueue-0"        [_thread_in_vm, id=13824, stack(0x000000edd8600000,0x000000edd8700000) (1024K)]

Stack: [0x000000edd8600000,0x000000edd8700000],  sp=0x000000edd86fd1c0,  free space=1012k
Native frames: (J=compiled Java code, j=interpreted, Vv=VM code, C=native code)
V  [jvm.dll+0x443bd1]
C  [skiko-windows-x64.dll+0x57cfc]

Java frames: (J=compiled Java code, j=interpreted, Vv=VM code)
j  org.jetbrains.skiko.redrawer.Direct3DRedrawer.initSwapChain(J)V+0
j  org.jetbrains.skiko.redrawer.Direct3DRedrawer.initSwapChain()V+5
j  org.jetbrains.skiko.context.Direct3DContextHandler.initCanvas()V+106
j  org.jetbrains.skiko.context.ContextHandler.draw()V+21
j  org.jetbrains.skiko.redrawer.Direct3DRedrawer.drawAndSwap(Z)V+21
j  org.jetbrains.skiko.redrawer.Direct3DRedrawer.redrawImmediately()V+180
j  org.jetbrains.skiko.SkiaLayer.paint(Ljava/awt/Graphics;)V+102
j  androidx.compose.ui.awt.ComposeLayer$ComponentImpl.paint(Ljava/awt/Graphics;)V+12
j  javax.swing.JComponent.paintChildren(Ljava/awt/Graphics;)V+516 java.desktop@21.0.3
j  javax.swing.JComponent.paint(Ljava/awt/Graphics;)V+318 java.desktop@21.0.3
j  javax.swing.JLayeredPane.paint(Ljava/awt/Graphics;)V+73 java.desktop@21.0.3
j  javax.swing.JComponent.paintChildren(Ljava/awt/Graphics;)V+516 java.desktop@21.0.3
j  javax.swing.JComponent.paint(Ljava/awt/Graphics;)V+318 java.desktop@21.0.3
j  androidx.compose.ui.window.Window_desktopKt$Window$11$1.invoke(Landroidx/compose/ui/awt/ComposeWindow;)V+75
j  androidx.compose.ui.window.Window_desktopKt$Window$11$1.invoke(Ljava/lang/Object;)Ljava/lang/Object;+5
j  androidx.compose.ui.window.AwtWindow_desktopKt$AwtWindow$3.invoke()V+13
j  androidx.compose.ui.window.AwtWindow_desktopKt$AwtWindow$3.invoke()Ljava/lang/Object;+1
j  androidx.compose.ui.util.UpdateEffect_desktopKt$UpdateEffect$2$performUpdate$1.invoke()V+7
j  androidx.compose.ui.util.UpdateEffect_desktopKt$UpdateEffect$2$performUpdate$1.invoke()Ljava/lang/Object;+1
j  androidx.compose.runtime.snapshots.Snapshot$Companion.observe(Lkotlin/jvm/functions/Function1;Lkotlin/jvm/functions/Function1;Lkotlin/jvm/functions/Function0;)Ljava/lang/Object;+108
j  androidx.compose.runtime.snapshots.SnapshotStateObserver$observeReads$1$1.invoke()V+15
j  androidx.compose.runtime.snapshots.SnapshotStateObserver$observeReads$1$1.invoke()Ljava/lang/Object;+1
j  androidx.compose.runtime.SnapshotStateKt__DerivedStateKt.observeDerivedStateRecalculations(Lkotlin/jvm/functions/Function1;Lkotlin/jvm/functions/Function1;Lkotlin/jvm/functions/Function0;)V+94
j  androidx.compose.runtime.SnapshotStateKt.observeDerivedStateRecalculations(Lkotlin/jvm/functions/Function1;Lkotlin/jvm/functions/Function1;Lkotlin/jvm/functions/Function0;)V+3
j  androidx.compose.runtime.snapshots.SnapshotStateObserver.observeReads(Ljava/lang/Object;Lkotlin/jvm/functions/Function1;Lkotlin/jvm/functions/Function0;)V+180
j  androidx.compose.ui.util.UpdateEffect_desktopKt$UpdateEffect$2.invoke$performUpdate(Landroidx/compose/runtime/snapshots/SnapshotStateObserver;Lkotlin/jvm/internal/Ref$ObjectRef;Landroidx/compose/runtime/State;)V+38
j  androidx.compose.ui.util.UpdateEffect_desktopKt$UpdateEffect$2.invoke(Landroidx/compose/runtime/DisposableEffectScope;)Landroidx/compose/runtime/DisposableEffectResult;+59
j  androidx.compose.ui.util.UpdateEffect_desktopKt$UpdateEffect$2.invoke(Ljava/lang/Object;)Ljava/lang/Object;+5
j  androidx.compose.runtime.DisposableEffectImpl.onRemembered()V+8
j  androidx.compose.runtime.CompositionImpl$RememberEventDispatcher.dispatchRememberObservers()V+234
j  androidx.compose.runtime.CompositionImpl.applyChangesInLocked(Ljava/util/List;)V+246
j  androidx.compose.runtime.CompositionImpl.applyChanges()V+38
j  androidx.compose.runtime.Recomposer.composeInitial$runtime(Landroidx/compose/runtime/ControlledComposition;Lkotlin/jvm/functions/Function2;)V+267
j  androidx.compose.runtime.CompositionImpl.setContent(Lkotlin/jvm/functions/Function2;)V+55
j  androidx.compose.ui.window.Application_desktopKt$awaitApplication$2$1$2.invokeSuspend(Ljava/lang/Object;)Ljava/lang/Object;+89
j  kotlin.coroutines.jvm.internal.BaseContinuationImpl.resumeWith(Ljava/lang/Object;)V+44
j  kotlinx.coroutines.DispatchedTask.run()V+314
j  java.awt.event.InvocationEvent.dispatch$$$capture()V+47 java.desktop@21.0.3
j  java.awt.event.InvocationEvent.dispatch()V+5 java.desktop@21.0.3
j  java.awt.EventQueue.dispatchEventImpl(Ljava/awt/AWTEvent;Ljava/lang/Object;)V+21 java.desktop@21.0.3
j  java.awt.EventQueue$4.run()Ljava/lang/Void;+32 java.desktop@21.0.3
j  java.awt.EventQueue$4.run()Ljava/lang/Object;+1 java.desktop@21.0.3
j  java.security.AccessController.executePrivileged(Ljava/security/PrivilegedAction;Ljava/security/AccessControlContext;Ljava/lang/Class;)Ljava/lang/Object;+29 java.base@21.0.3
j  java.security.AccessController.doPrivileged(Ljava/security/PrivilegedAction;Ljava/security/AccessControlContext;)Ljava/lang/Object;+13 java.base@21.0.3
j  java.security.ProtectionDomain$JavaSecurityAccessImpl.doIntersectionPrivilege(Ljava/security/PrivilegedAction;Ljava/security/AccessControlContext;Ljava/security/AccessControlContext;)Ljava/lang/Object;+18 java.base@21.0.3
j  java.awt.EventQueue.dispatchEvent(Ljava/awt/AWTEvent;)V+46 java.desktop@21.0.3
j  java.awt.EventDispatchThread.pumpOneEventForFilters(I)V+81 java.desktop@21.0.3
j  java.awt.EventDispatchThread.pumpEventsForFilter(ILjava/awt/Conditional;Ljava/awt/EventFilter;)V+35 java.desktop@21.0.3
j  java.awt.EventDispatchThread.pumpEventsForHierarchy(ILjava/awt/Conditional;Ljava/awt/Component;)V+11 java.desktop@21.0.3
j  java.awt.EventDispatchThread.pumpEvents(ILjava/awt/Conditional;)V+4 java.desktop@21.0.3
j  java.awt.EventDispatchThread.pumpEvents(Ljava/awt/Conditional;)V+3 java.desktop@21.0.3
j  java.awt.EventDispatchThread.run()V+9 java.desktop@21.0.3
v  ~StubRoutines::call_stub 0x000002643f3f1015

siginfo: EXCEPTION_ACCESS_VIOLATION (0xc0000005), reading address 0x0000000000000000


Registers:
RAX=0x0000000000000000, RBX=0x000002644ec283d0, RCX=0xd4a4c7ff4b6b0000, RDX=0x000002644e7cb2fa
RSP=0x000000edd86fd1c0, RBP=0x000000edd86fd2b8, RSI=0x0000000000000000, RDI=0x000002644ec28788
R8 =0x0000000000000000, R9 =0x00000264940871b0, R10=0x000002644ec283d0, R11=0x000000edd86fd1b8
R12=0x0000000000000000, R13=0x0000026490ad89c0, R14=0x000000edd86fd4a0, R15=0x000002644ec283d0
RIP=0x00007ffcea213bd1, EFLAGS=0x0000000000010202


Register to memory mapping:

RAX=0x0 is null
RBX=0x000002644ec283d0 is a thread
RCX=0xd4a4c7ff4b6b0000 is an unknown value
RDX=0x000002644e7cb2fa is a global jni handle
RSP=0x000000edd86fd1c0 is pointing into the stack for thread: 0x000002644ec283d0
RBP=0x000000edd86fd2b8 is pointing into the stack for thread: 0x000002644ec283d0
RSI=0x0 is null
RDI=0x000002644ec28788 points into unknown readable memory: 0x00007ffcea9fe780 | 80 e7 9f ea fc 7f 00 00
R8 =0x0 is null
R9 =0x00000264940871b0 points into unknown readable memory: 0x6274656a2e677202 | 02 72 67 2e 6a 65 74 62
R10=0x000002644ec283d0 is a thread
R11=0x000000edd86fd1b8 is pointing into the stack for thread: 0x000002644ec283d0
R12=0x0 is null
R13={method} {0x0000026490ad89c8} 'initSwapChain' '(J)V' in 'org/jetbrains/skiko/redrawer/Direct3DRedrawer'
R14=0x000000edd86fd4a0 is pointing into the stack for thread: 0x000002644ec283d0
R15=0x000002644ec283d0 is a thread

Top of Stack: (sp=0x000000edd86fd1c0)
0x000000edd86fd1c0:   000002644ec283d0 0000000000000084
0x000000edd86fd1d0:   000000edd86fd258 000000edd86fd2d0
0x000000edd86fd1e0:   000002644e950d50 0000000000000000
0x000000edd86fd1f0:   000000edd86fd4a0 000002644ec283d0
0x000000edd86fd200:   000000edd86fd2d0 0000000000000000
0x000000edd86fd210:   000002644ec283d0 000002644e950d48
0x000000edd86fd220:   000000ed00000457 00007ffcea815228
0x000000edd86fd230:   000002644ec283d0 000000edd86fd4a0
0x000000edd86fd240:   000000edd86fd2d0 00007ffcea217ed7
0x000000edd86fd250:   000002644ec283d0 000000edd86fd470
0x000000edd86fd260:   000000edd86fd4a0 00007ffce5c47cfc
0x000000edd86fd270:   000002644ec28788 000000edd86fd470
0x000000edd86fd280:   0000026490f39de0 000002649dfe6ba4
0x000000edd86fd290:   000002649dfe6ba4 00007ffce5c481bc
0x000000edd86fd2a0:   000002644ec28788 0000026490f39de0
0x000000edd86fd2b0:   0000000000000000 0000026494527248
0x000000edd86fd2c0:   00007ffce68ebe30 0000000000000000
0x000000edd86fd2d0:   652065766974614e 6e6f697470656378
0x000000edd86fd2e0:   76614a5b206e6920 656a5f67726f5f61
0x000000edd86fd2f0:   5f736e6961726274 65725f6f6b696b73
0x000000edd86fd300:   445f726577617264 5244337463657269
0x000000edd86fd310:   5f72657761726465 7061775374696e69
0x000000edd86fd320:   0a3a5d6e69616843 6373656420484553
0x000000edd86fd330:   3a6e6f6974706972 4954504543584520
0x000000edd86fd340:   53454343415f4e4f 54414c4f49565f53
0x000000edd86fd350:   000002000a4e4f49 0000000000000000
0x000000edd86fd360:   0000000000000110 0000026490ad89c0
0x000000edd86fd370:   0000000000000000 000000000000001c
0x000000edd86fd380:   0000000000000001 0000000200000020
0x000000edd86fd390:   0000000400000001 0000000000000000
0x000000edd86fd3a0:   000097632e7b0830 000002644ec283d0
0x000000edd86fd3b0:   0000000000000110 00007ffce5c46af7 

Instructions: (pc=0x00007ffcea213bd1)
0x00007ffcea213ad1:   10 48 8b 43 08 48 89 48 10 48 8b 4b 08 48 8b 43
0x00007ffcea213ae1:   18 48 89 41 18 48 8b 4b 08 48 8b 43 20 48 89 41
0x00007ffcea213af1:   20 48 8d 8f 98 03 00 00 e8 82 93 ed ff 90 c7 87
0x00007ffcea213b01:   4c 04 00 00 04 00 00 00 48 81 c4 b0 00 00 00 41
0x00007ffcea213b11:   5e 5f 5e 5d 5b c3 cc cc cc cc cc cc cc cc cc 48
0x00007ffcea213b21:   89 5c 24 08 48 89 6c 24 10 48 89 74 24 18 48 89
0x00007ffcea213b31:   7c 24 20 41 56 48 81 ec a0 00 00 00 8b 81 b8 00
0x00007ffcea213b41:   00 00 48 8d 99 48 fc ff ff 05 53 21 ff ff 49 8b
0x00007ffcea213b51:   e9 49 8b f0 48 8b f9 83 f8 01 77 08 48 8b cb e8
0x00007ffcea213b61:   bb f8 fa ff 80 3d 5b 4d 85 00 00 c7 83 4c 04 00
0x00007ffcea213b71:   00 06 00 00 00 75 06 e8 e3 1e 28 00 90 48 8b 83
0x00007ffcea213b81:   50 04 00 00 a8 01 74 0d 45 33 c0 b2 01 48 8b cb
0x00007ffcea213b91:   e8 9a 29 2f 00 8b 83 48 04 00 00 a8 0c 74 08 48
0x00007ffcea213ba1:   8b cb e8 b8 0d fb ff c7 83 4c 04 00 00 06 00 00
0x00007ffcea213bb1:   00 48 83 7b 08 00 48 89 5c 24 50 48 c7 44 24 58
0x00007ffcea213bc1:   00 00 00 00 74 0a 48 8d 4c 24 50 e8 3f e7 2b 00
0x00007ffcea213bd1:   48 8b 16 48 8d 4c 24 70 c7 44 24 40 0e 00 00 00
0x00007ffcea213be1:   e8 ea 26 01 00 48 8d 44 24 70 48 89 5c 24 30 48
0x00007ffcea213bf1:   89 44 24 28 4c 8d 35 b4 16 60 00 45 33 c9 48 89
0x00007ffcea213c01:   74 24 20 45 33 c0 4c 89 74 24 70 48 8d 54 24 40
0x00007ffcea213c11:   48 89 ac 24 98 00 00 00 48 8b cf e8 bf 37 01 00
0x00007ffcea213c21:   48 83 7c 24 58 00 4c 89 74 24 70 48 c7 84 24 98
0x00007ffcea213c31:   00 00 00 00 00 00 00 74 0a 48 8d 4c 24 50 e8 4c
0x00007ffcea213c41:   e7 2b 00 48 8b bb 98 01 00 00 48 8b 4f 10 48 83
0x00007ffcea213c51:   39 00 74 0c 48 8b cf e8 53 16 f6 ff 48 8b 4f 10
0x00007ffcea213c61:   48 8b 47 08 48 89 48 10 48 8b 4f 08 48 8b 47 18
0x00007ffcea213c71:   48 89 41 18 48 8b 4f 08 48 8b 47 20 48 89 41 20
0x00007ffcea213c81:   48 8d 8b 98 03 00 00 e8 f3 91 ed ff 4c 8d 9c 24
0x00007ffcea213c91:   a0 00 00 00 90 49 8b 6b 18 49 8b 73 20 49 8b 7b
0x00007ffcea213ca1:   28 c7 83 4c 04 00 00 04 00 00 00 49 8b 5b 10 49
0x00007ffcea213cb1:   8b e3 41 5e c3 cc cc cc cc cc cc cc cc cc cc 48
0x00007ffcea213cc1:   89 5c 24 08 48 89 6c 24 10 48 89 74 24 18 57 48 


Stack slot to memory mapping:

stack at sp + 0 slots: 0x000002644ec283d0 is a thread
stack at sp + 1 slots: 0x0000000000000084 is an unknown value
stack at sp + 2 slots: 0x000000edd86fd258 is pointing into the stack for thread: 0x000002644ec283d0
stack at sp + 3 slots: 0x000000edd86fd2d0 is pointing into the stack for thread: 0x000002644ec283d0
stack at sp + 4 slots: 0x000002644e950d50 points into unknown readable memory: 0x0000000701cd99a0 | a0 99 cd 01 07 00 00 00
stack at sp + 5 slots: 0x0 is null
stack at sp + 6 slots: 0x000000edd86fd4a0 is pointing into the stack for thread: 0x000002644ec283d0
stack at sp + 7 slots: 0x000002644ec283d0 is a thread


---------------  P R O C E S S  ---------------

Threads class SMR info:
_java_thread_list=0x000002649e1819b0, length=25, elements={
0x000002642d649730, 0x000002644e7e2060, 0x000002644e7e3f90, 0x000002644e7e8280,
0x000002644e7e8ce0, 0x000002644e7e9740, 0x000002644e7ea420, 0x000002644e7ed3d0,
0x000002644e7f0af0, 0x000002644e9f79e0, 0x000002644eb73200, 0x000002649413b750,
0x00000264941f4370, 0x00000264942a6420, 0x00000264942a5a50, 0x000002644ec283d0,
0x000002649d84cdb0, 0x000002649d84e7f0, 0x000002649d84dad0, 0x000002649d84f510,
0x000002649d84fba0, 0x000002649e6b8ca0, 0x000002649e3fd850, 0x000002649e3fec00,
0x000002649e3f9d40
}

Java Threads: ( => current thread )
  0x000002642d649730 JavaThread "main"                              [_thread_blocked, id=7560, stack(0x000000edd7200000,0x000000edd7300000) (1024K)]
  0x000002644e7e2060 JavaThread "Reference Handler"          daemon [_thread_blocked, id=13856, stack(0x000000edd7a00000,0x000000edd7b00000) (1024K)]
  0x000002644e7e3f90 JavaThread "Finalizer"                  daemon [_thread_blocked, id=8796, stack(0x000000edd7b00000,0x000000edd7c00000) (1024K)]
  0x000002644e7e8280 JavaThread "Signal Dispatcher"          daemon [_thread_blocked, id=4296, stack(0x000000edd7c00000,0x000000edd7d00000) (1024K)]
  0x000002644e7e8ce0 JavaThread "Attach Listener"            daemon [_thread_blocked, id=4540, stack(0x000000edd7d00000,0x000000edd7e00000) (1024K)]
  0x000002644e7e9740 JavaThread "Service Thread"             daemon [_thread_blocked, id=3152, stack(0x000000edd7e00000,0x000000edd7f00000) (1024K)]
  0x000002644e7ea420 JavaThread "Monitor Deflation Thread"   daemon [_thread_blocked, id=11728, stack(0x000000edd7f00000,0x000000edd8000000) (1024K)]
  0x000002644e7ed3d0 JavaThread "C2 CompilerThread0"         daemon [_thread_blocked, id=12188, stack(0x000000edd8000000,0x000000edd8100000) (1024K)]
  0x000002644e7f0af0 JavaThread "C1 CompilerThread0"         daemon [_thread_blocked, id=2616, stack(0x000000edd8100000,0x000000edd8200000) (1024K)]
  0x000002644e9f79e0 JavaThread "Common-Cleaner"             daemon [_thread_blocked, id=7868, stack(0x000000edd8200000,0x000000edd8300000) (1024K)]
  0x000002644eb73200 JavaThread "JDWP Event Helper Thread"   daemon [_thread_blocked, id=3188, stack(0x000000edd8400000,0x000000edd8500000) (1024K)]
  0x000002649413b750 JavaThread "Coroutines Debugger Cleaner" daemon [_thread_blocked, id=1796, stack(0x000000edd8700000,0x000000edd8800000) (1024K)]
  0x00000264941f4370 JavaThread "Notification Thread"        daemon [_thread_blocked, id=13236, stack(0x000000edd8800000,0x000000edd8900000) (1024K)]
  0x00000264942a6420 JavaThread "Java2D Disposer"            daemon [_thread_blocked, id=5876, stack(0x000000edd8900000,0x000000edd8a00000) (1024K)]
  0x00000264942a5a50 JavaThread "AWT-Shutdown"                      [_thread_blocked, id=11708, stack(0x000000edd8a00000,0x000000edd8b00000) (1024K)]
=>0x000002644ec283d0 JavaThread "AWT-EventQueue-0"                  [_thread_in_vm, id=13824, stack(0x000000edd8600000,0x000000edd8700000) (1024K)]
  0x000002649d84cdb0 JavaThread "DefaultDispatcher-worker-1" daemon [_thread_blocked, id=11216, stack(0x000000edd9300000,0x000000edd9400000) (1024K)]
  0x000002649d84e7f0 JavaThread "DefaultDispatcher-worker-2" daemon [_thread_blocked, id=13252, stack(0x000000edd9400000,0x000000edd9500000) (1024K)]
  0x000002649d84dad0 JavaThread "DefaultDispatcher-worker-3" daemon [_thread_blocked, id=13304, stack(0x000000edd9500000,0x000000edd9600000) (1024K)]
  0x000002649d84f510 JavaThread "kotlinx.coroutines.DefaultExecutor" daemon [_thread_blocked, id=1508, stack(0x000000edd9600000,0x000000edd9700000) (1024K)]
  0x000002649d84fba0 JavaThread "Reference Cleaner"          daemon [_thread_blocked, id=10472, stack(0x000000edd9700000,0x000000edd9800000) (1024K)]
  0x000002649e6b8ca0 JavaThread "C2 CompilerThread1"         daemon [_thread_in_native, id=12124, stack(0x000000edd9e00000,0x000000edd9f00000) (1024K)]
  0x000002649e3fd850 JavaThread "mysql-cj-abandoned-connection-cleanup" daemon [_thread_blocked, id=5628, stack(0x000000edd9f00000,0x000000edda000000) (1024K)]
  0x000002649e3fec00 JavaThread "SIGINT handler"             daemon [_thread_blocked, id=11028, stack(0x000000edd8300000,0x000000edd8400000) (1024K)]
  0x000002649e3f9d40 JavaThread "ToolkitShutdown"            daemon [_thread_in_native, id=9680, stack(0x000000edd8500000,0x000000edd8600000) (1024K)]
Total: 25

Other Threads:
  0x000002644e7c1650 VMThread "VM Thread"                           [id=13940, stack(0x000000edd7900000,0x000000edd7a00000) (1024K)]
  0x000002644e7ab2d0 WatcherThread "VM Periodic Task Thread"        [id=12264, stack(0x000000edd7800000,0x000000edd7900000) (1024K)]
  0x000002642f84fab0 WorkerThread "GC Thread#0"                     [id=14104, stack(0x000000edd7300000,0x000000edd7400000) (1024K)]
  0x00000264946e55e0 WorkerThread "GC Thread#1"                     [id=9976, stack(0x000000edd8c00000,0x000000edd8d00000) (1024K)]
  0x00000264946e5980 WorkerThread "GC Thread#2"                     [id=12304, stack(0x000000edd8d00000,0x000000edd8e00000) (1024K)]
  0x00000264946e5d20 WorkerThread "GC Thread#3"                     [id=3056, stack(0x000000edd8e00000,0x000000edd8f00000) (1024K)]
  0x00000264946e60c0 WorkerThread "GC Thread#4"                     [id=11248, stack(0x000000edd8f00000,0x000000edd9000000) (1024K)]
  0x00000264947784b0 WorkerThread "GC Thread#5"                     [id=12376, stack(0x000000edd9000000,0x000000edd9100000) (1024K)]
  0x000002642f861450 ConcurrentGCThread "G1 Main Marker"            [id=6816, stack(0x000000edd7400000,0x000000edd7500000) (1024K)]
  0x000002642f861f50 WorkerThread "G1 Conc#0"                       [id=11892, stack(0x000000edd7500000,0x000000edd7600000) (1024K)]
  0x000002649e623d60 WorkerThread "G1 Conc#1"                       [id=9724, stack(0x000000edda000000,0x000000edda100000) (1024K)]
  0x000002644e672160 ConcurrentGCThread "G1 Refine#0"               [id=11104, stack(0x000000edd7600000,0x000000edd7700000) (1024K)]
  0x000002644e672be0 ConcurrentGCThread "G1 Service"                [id=5372, stack(0x000000edd7700000,0x000000edd7800000) (1024K)]
Total: 13

Threads with active compile tasks:
C2 CompilerThread1     8508 2526       4       java.net.URLStreamHandler::parseURL (1124 bytes)
Total: 1

VM state: not at safepoint (normal execution)

VM Mutex/Monitor currently owned by a thread: None

Heap address: 0x0000000700000000, size: 4096 MB, Compressed Oops mode: Zero based, Oop shift amount: 3

CDS archive(s) mapped at: [0x000002644f000000-0x000002644fc90000-0x000002644fc90000), size 13172736, SharedBaseAddress: 0x000002644f000000, ArchiveRelocationMode: 1.
Compressed class space mapped at: 0x0000026450000000-0x0000026490000000, reserved size: 1073741824
Narrow klass base: 0x000002644f000000, Narrow klass shift: 0, Narrow klass range: 0x100000000

GC Precious Log:
 CardTable entry size: 512
 Card Set container configuration: InlinePtr #cards 4 size 8 Array Of Cards #cards 16 size 48 Howl #buckets 8 coarsen threshold 3686 Howl Bitmap #cards 512 size 80 coarsen threshold 460 Card regions per heap region 1 cards per card region 4096
 CPUs: 6 total, 6 available
 Memory: 16381M
 Large Page Support: Disabled
 NUMA Support: Disabled
 Compressed Oops: Enabled (Zero based)
 Heap Region Size: 2M
 Heap Min Capacity: 8M
 Heap Initial Capacity: 256M
 Heap Max Capacity: 4G
 Pre-touch: Disabled
 Parallel Workers: 6
 Concurrent Workers: 2
 Concurrent Refinement Workers: 6
 Periodic GC: Disabled

Heap:
 garbage-first heap   total 49152K, used 22375K [0x0000000700000000, 0x0000000800000000)
  region size 2048K, 11 young (22528K), 4 survivors (8192K)
 Metaspace       used 30852K, committed 31104K, reserved 1114112K
  class space    used 3278K, committed 3392K, reserved 1048576K

Heap Regions: E=young(eden), S=young(survivor), O=old, HS=humongous(starts), HC=humongous(continues), CS=collection set, F=free, TAMS=top-at-mark-start, PB=parsable bottom
|   0|0x0000000700000000, 0x0000000700200000, 0x0000000700200000|100%| O|  |TAMS 0x0000000700000000| PB 0x0000000700000000| Untracked 
|   1|0x0000000700200000, 0x00000007003b4038, 0x0000000700400000| 85%| O|Cm|TAMS 0x0000000700200000| PB 0x0000000700200000| Complete 
|   2|0x0000000700400000, 0x0000000700400000, 0x0000000700600000|  0%| F|  |TAMS 0x0000000700400000| PB 0x0000000700400000| Untracked 
|   3|0x0000000700600000, 0x0000000700600000, 0x0000000700800000|  0%| F|  |TAMS 0x0000000700600000| PB 0x0000000700600000| Untracked 
|   4|0x0000000700800000, 0x0000000700800000, 0x0000000700a00000|  0%| F|  |TAMS 0x0000000700800000| PB 0x0000000700800000| Untracked 
|   5|0x0000000700a00000, 0x0000000700a00000, 0x0000000700c00000|  0%| F|  |TAMS 0x0000000700a00000| PB 0x0000000700a00000| Untracked 
|   6|0x0000000700c00000, 0x0000000700c00000, 0x0000000700e00000|  0%| F|  |TAMS 0x0000000700c00000| PB 0x0000000700c00000| Untracked 
|   7|0x0000000700e00000, 0x0000000700e00000, 0x0000000701000000|  0%| F|  |TAMS 0x0000000700e00000| PB 0x0000000700e00000| Untracked 
|   8|0x0000000701000000, 0x0000000701000000, 0x0000000701200000|  0%| F|  |TAMS 0x0000000701000000| PB 0x0000000701000000| Untracked 
|   9|0x0000000701200000, 0x0000000701200000, 0x0000000701400000|  0%| F|  |TAMS 0x0000000701200000| PB 0x0000000701200000| Untracked 
|  10|0x0000000701400000, 0x0000000701400000, 0x0000000701600000|  0%| F|  |TAMS 0x0000000701400000| PB 0x0000000701400000| Untracked 
|  11|0x0000000701600000, 0x0000000701600000, 0x0000000701800000|  0%| F|  |TAMS 0x0000000701600000| PB 0x0000000701600000| Untracked 
|  12|0x0000000701800000, 0x0000000701800000, 0x0000000701a00000|  0%| F|  |TAMS 0x0000000701800000| PB 0x0000000701800000| Untracked 
|  13|0x0000000701a00000, 0x0000000701a9dcc8, 0x0000000701c00000| 30%| E|  |TAMS 0x0000000701a00000| PB 0x0000000701a00000| Complete 
|  14|0x0000000701c00000, 0x0000000701e00000, 0x0000000701e00000|100%| E|CS|TAMS 0x0000000701c00000| PB 0x0000000701c00000| Complete 
|  15|0x0000000701e00000, 0x0000000702000000, 0x0000000702000000|100%| E|CS|TAMS 0x0000000701e00000| PB 0x0000000701e00000| Complete 
|  16|0x0000000702000000, 0x0000000702200000, 0x0000000702200000|100%| S|CS|TAMS 0x0000000702000000| PB 0x0000000702000000| Complete 
|  17|0x0000000702200000, 0x0000000702400000, 0x0000000702400000|100%| S|CS|TAMS 0x0000000702200000| PB 0x0000000702200000| Complete 
|  18|0x0000000702400000, 0x0000000702600000, 0x0000000702600000|100%| S|CS|TAMS 0x0000000702400000| PB 0x0000000702400000| Complete 
|  19|0x0000000702600000, 0x0000000702625c50, 0x0000000702800000|  7%| S|CS|TAMS 0x0000000702600000| PB 0x0000000702600000| Complete 
| 102|0x000000070cc00000, 0x000000070ce00000, 0x000000070ce00000|100%| E|CS|TAMS 0x000000070cc00000| PB 0x000000070cc00000| Complete 
| 103|0x000000070ce00000, 0x000000070d000000, 0x000000070d000000|100%| E|CS|TAMS 0x000000070ce00000| PB 0x000000070ce00000| Complete 
| 126|0x000000070fc00000, 0x000000070fe00000, 0x000000070fe00000|100%| E|CS|TAMS 0x000000070fc00000| PB 0x000000070fc00000| Complete 
| 127|0x000000070fe00000, 0x0000000710000000, 0x0000000710000000|100%| E|CS|TAMS 0x000000070fe00000| PB 0x000000070fe00000| Complete 

Card table byte_map: [0x00000264477d0000,0x0000026447fd0000] _byte_map_base: 0x0000026443fd0000

Marking Bits: (CMBitMap*) 0x000002642f8509c0
 Bits: [0x0000026447fd0000, 0x000002644bfd0000)

Polling page: 0x000002642d740000

Metaspace:

Usage:
  Non-class:     26.93 MB used.
      Class:      3.20 MB used.
       Both:     30.13 MB used.

Virtual space:
  Non-class space:       64.00 MB reserved,      27.06 MB ( 42%) committed,  1 nodes.
      Class space:        1.00 GB reserved,       3.31 MB ( <1%) committed,  1 nodes.
             Both:        1.06 GB reserved,      30.38 MB (  3%) committed. 

Chunk freelists:
   Non-Class:  4.28 MB
       Class:  12.70 MB
        Both:  16.98 MB

MaxMetaspaceSize: unlimited
CompressedClassSpaceSize: 1.00 GB
Initial GC threshold: 21.00 MB
Current GC threshold: 35.31 MB
CDS: on
 - commit_granule_bytes: 65536.
 - commit_granule_words: 8192.
 - virtual_space_node_default_size: 8388608.
 - enlarge_chunks_in_place: 1.
 - use_allocation_guard: 0.


Internal statistics:

num_allocs_failed_limit: 3.
num_arena_births: 258.
num_arena_deaths: 0.
num_vsnodes_births: 2.
num_vsnodes_deaths: 0.
num_space_committed: 486.
num_space_uncommitted: 0.
num_chunks_returned_to_freelist: 3.
num_chunks_taken_from_freelist: 932.
num_chunk_merges: 0.
num_chunk_splits: 738.
num_chunks_enlarged: 615.
num_inconsistent_stats: 0.

CodeHeap 'non-profiled nmethods': size=120000Kb used=1205Kb max_used=1205Kb free=118795Kb
 bounds [0x000002643f990000, 0x000002643fc00000, 0x0000026446ec0000]
CodeHeap 'profiled nmethods': size=120000Kb used=5122Kb max_used=5122Kb free=114877Kb
 bounds [0x0000026437ec0000, 0x00000264383d0000, 0x000002643f3f0000]
CodeHeap 'non-nmethods': size=5760Kb used=2387Kb max_used=2401Kb free=3372Kb
 bounds [0x000002643f3f0000, 0x000002643f660000, 0x000002643f990000]
 total_blobs=3948 nmethods=2741 adapters=1112
 compilation: enabled
              stopped_count=0, restarted_count=0
 full_count=0

Compilation events (20 events):
Event: 8.453 Thread 0x000002644e7f0af0 2734       1       androidx.compose.ui.text.SpanStyle::getTextForegroundStyle$ui_text (5 bytes)
Event: 8.453 Thread 0x000002644e7f0af0 nmethod 2734 0x000002643fabb610 code [0x000002643fabb7a0, 0x000002643fabb870]
Event: 8.453 Thread 0x000002644e7f0af0 2735       1       androidx.compose.ui.text.SpanStyle::getTextDecoration (5 bytes)
Event: 8.453 Thread 0x000002644e7f0af0 nmethod 2735 0x000002643fabb910 code [0x000002643fabbaa0, 0x000002643fabbb70]
Event: 8.453 Thread 0x000002644e7f0af0 2736       1       androidx.compose.ui.text.SpanStyle::getShadow (5 bytes)
Event: 8.453 Thread 0x000002644e7f0af0 nmethod 2736 0x000002643fabbc10 code [0x000002643fabbda0, 0x000002643fabbe70]
Event: 8.453 Thread 0x000002644e7f0af0 2733       1       androidx.compose.ui.text.TextStyle::toSpanStyle (5 bytes)
Event: 8.453 Thread 0x000002644e7f0af0 nmethod 2733 0x000002643fabbf10 code [0x000002643fabc0a0, 0x000002643fabc170]
Event: 8.453 Thread 0x000002644e7f0af0 2741       1       androidx.compose.ui.text.ParagraphInfo::getParagraph (5 bytes)
Event: 8.453 Thread 0x000002644e7f0af0 nmethod 2741 0x000002643fabc210 code [0x000002643fabc3a0, 0x000002643fabc470]
Event: 8.453 Thread 0x000002644e7f0af0 2737       1       org.jetbrains.skia.Rect::getLeft (5 bytes)
Event: 8.453 Thread 0x000002644e7f0af0 nmethod 2737 0x000002643fabc510 code [0x000002643fabc6a0, 0x000002643fabc768]
Event: 8.453 Thread 0x000002644e7f0af0 2738       1       org.jetbrains.skia.Rect::getTop (5 bytes)
Event: 8.454 Thread 0x000002644e7f0af0 nmethod 2738 0x000002643fabc810 code [0x000002643fabc9a0, 0x000002643fabca68]
Event: 8.454 Thread 0x000002644e7f0af0 2739       1       org.jetbrains.skia.Rect::getRight (5 bytes)
Event: 8.454 Thread 0x000002644e7f0af0 nmethod 2739 0x000002643fabcb10 code [0x000002643fabcca0, 0x000002643fabcd68]
Event: 8.454 Thread 0x000002644e7f0af0 2740       1       org.jetbrains.skia.Rect::getBottom (5 bytes)
Event: 8.454 Thread 0x000002644e7f0af0 nmethod 2740 0x000002643fabce10 code [0x000002643fabcfa0, 0x000002643fabd068]
Event: 8.454 Thread 0x000002644e7f0af0 2742       1       androidx.compose.ui.text.style.TextAlign::unbox-impl (5 bytes)
Event: 8.454 Thread 0x000002644e7f0af0 nmethod 2742 0x000002643fabd110 code [0x000002643fabd2a0, 0x000002643fabd368]

GC Heap History (8 events):
Event: 3.378 GC heap before
{Heap before GC invocations=0 (full 0):
 garbage-first heap   total 262144K, used 20480K [0x0000000700000000, 0x0000000800000000)
  region size 2048K, 10 young (20480K), 0 survivors (0K)
 Metaspace       used 5349K, committed 5632K, reserved 1114112K
  class space    used 500K, committed 640K, reserved 1048576K
}
Event: 3.383 GC heap after
{Heap after GC invocations=1 (full 0):
 garbage-first heap   total 262144K, used 3935K [0x0000000700000000, 0x0000000800000000)
  region size 2048K, 2 young (4096K), 2 survivors (4096K)
 Metaspace       used 5349K, committed 5632K, reserved 1114112K
  class space    used 500K, committed 640K, reserved 1048576K
}
Event: 4.305 GC heap before
{Heap before GC invocations=1 (full 0):
 garbage-first heap   total 262144K, used 30559K [0x0000000700000000, 0x0000000800000000)
  region size 2048K, 16 young (32768K), 2 survivors (4096K)
 Metaspace       used 12270K, committed 12480K, reserved 1114112K
  class space    used 1213K, committed 1344K, reserved 1048576K
}
Event: 4.312 GC heap after
{Heap after GC invocations=2 (full 0):
 garbage-first heap   total 262144K, used 5092K [0x0000000700000000, 0x0000000800000000)
  region size 2048K, 1 young (2048K), 1 survivors (2048K)
 Metaspace       used 12270K, committed 12480K, reserved 1114112K
  class space    used 1213K, committed 1344K, reserved 1048576K
}
Event: 6.928 GC heap before
{Heap before GC invocations=2 (full 0):
 garbage-first heap   total 262144K, used 50148K [0x0000000700000000, 0x0000000800000000)
  region size 2048K, 24 young (49152K), 1 survivors (2048K)
 Metaspace       used 21235K, committed 21504K, reserved 1114112K
  class space    used 2186K, committed 2368K, reserved 1048576K
}
Event: 6.938 GC heap after
{Heap after GC invocations=3 (full 0):
 garbage-first heap   total 262144K, used 6745K [0x0000000700000000, 0x0000000800000000)
  region size 2048K, 2 young (4096K), 2 survivors (4096K)
 Metaspace       used 21235K, committed 21504K, reserved 1114112K
  class space    used 2186K, committed 2368K, reserved 1048576K
}
Event: 8.064 GC heap before
{Heap before GC invocations=4 (full 0):
 garbage-first heap   total 40960K, used 39513K [0x0000000700000000, 0x0000000800000000)
  region size 2048K, 18 young (36864K), 2 survivors (4096K)
 Metaspace       used 29651K, committed 29952K, reserved 1114112K
  class space    used 3160K, committed 3264K, reserved 1048576K
}
Event: 8.072 GC heap after
{Heap after GC invocations=5 (full 0):
 garbage-first heap   total 49152K, used 10087K [0x0000000700000000, 0x0000000800000000)
  region size 2048K, 4 young (8192K), 4 survivors (8192K)
 Metaspace       used 29651K, committed 29952K, reserved 1114112K
  class space    used 3160K, committed 3264K, reserved 1048576K
}

Dll operation events (14 events):
Event: 0.025 Loaded shared library C:\Users\Семья\.jdks\corretto-21.0.3\bin\java.dll
Event: 0.026 Loaded shared library C:\Users\Семья\.jdks\corretto-21.0.3\bin\zip.dll
Event: 0.088 Loaded shared library C:\Users\Семья\.jdks\corretto-21.0.3\bin\jsvml.dll
Event: 2.675 Loaded shared library C:\Users\Семья\.jdks\corretto-21.0.3\bin\instrument.dll
Event: 2.685 Loaded shared library C:\Users\Семья\.jdks\corretto-21.0.3\bin\net.dll
Event: 2.687 Loaded shared library C:\Users\Семья\.jdks\corretto-21.0.3\bin\nio.dll
Event: 2.699 Loaded shared library C:\Users\Семья\.jdks\corretto-21.0.3\bin\zip.dll
Event: 2.791 Loaded shared library C:\Users\Семья\.jdks\corretto-21.0.3\bin\jimage.dll
Event: 3.204 Loaded shared library C:\Users\Семья\.jdks\corretto-21.0.3\bin\awt.dll
Event: 4.094 Loaded shared library C:\Users\Семья\.skiko\0de0d8dd8554d9bb66cfca3837db6514ff9b71080e998917280a3b777460a416\skiko-windows-x64.dll
Event: 4.328 Loaded shared library C:\Users\Семья\.jdks\corretto-21.0.3\bin\freetype.dll
Event: 4.330 Loaded shared library C:\Users\Семья\.jdks\corretto-21.0.3\bin\fontmanager.dll
Event: 6.958 Loaded shared library C:\Users\Семья\.jdks\corretto-21.0.3\bin\extnet.dll
Event: 7.352 Loaded shared library C:\Users\Семья\.jdks\corretto-21.0.3\bin\sunmscapi.dll

Deoptimization events (20 events):
Event: 7.568 Thread 0x000002644ec283d0 Uncommon trap: trap_request=0xffffffbe fr.pc=0x000002643fa6111c relative=0x000000000000043c
Event: 7.568 Thread 0x000002644ec283d0 Uncommon trap: reason=profile_predicate action=maybe_recompile pc=0x000002643fa6111c method=java.util.regex.Pattern$SliceI.match(Ljava/util/regex/Matcher;ILjava/lang/CharSequence;)Z @ 18 c2
Event: 7.568 Thread 0x000002644ec283d0 DEOPT PACKING pc=0x000002643fa6111c sp=0x000000edd86f8a00
Event: 7.568 Thread 0x000002644ec283d0 DEOPT UNPACKING pc=0x000002643f44469c sp=0x000000edd86f8988 mode 2
Event: 7.568 Thread 0x000002644ec283d0 Uncommon trap: trap_request=0xffffffbe fr.pc=0x000002643fa6111c relative=0x000000000000043c
Event: 7.568 Thread 0x000002644ec283d0 Uncommon trap: reason=profile_predicate action=maybe_recompile pc=0x000002643fa6111c method=java.util.regex.Pattern$SliceI.match(Ljava/util/regex/Matcher;ILjava/lang/CharSequence;)Z @ 18 c2
Event: 7.568 Thread 0x000002644ec283d0 DEOPT PACKING pc=0x000002643fa6111c sp=0x000000edd86f8a00
Event: 7.568 Thread 0x000002644ec283d0 DEOPT UNPACKING pc=0x000002643f44469c sp=0x000000edd86f8988 mode 2
Event: 7.568 Thread 0x000002644ec283d0 Uncommon trap: trap_request=0xffffffbe fr.pc=0x000002643fa6111c relative=0x000000000000043c
Event: 7.568 Thread 0x000002644ec283d0 Uncommon trap: reason=profile_predicate action=maybe_recompile pc=0x000002643fa6111c method=java.util.regex.Pattern$SliceI.match(Ljava/util/regex/Matcher;ILjava/lang/CharSequence;)Z @ 18 c2
Event: 7.568 Thread 0x000002644ec283d0 DEOPT PACKING pc=0x000002643fa6111c sp=0x000000edd86f8a00
Event: 7.568 Thread 0x000002644ec283d0 DEOPT UNPACKING pc=0x000002643f44469c sp=0x000000edd86f8988 mode 2
Event: 8.052 Thread 0x000002644ec283d0 Uncommon trap: trap_request=0xffffff45 fr.pc=0x000002643fa2cb54 relative=0x0000000000000514
Event: 8.052 Thread 0x000002644ec283d0 Uncommon trap: reason=unstable_if action=reinterpret pc=0x000002643fa2cb54 method=java.lang.Math.min(JJ)J @ 3 c2
Event: 8.052 Thread 0x000002644ec283d0 DEOPT PACKING pc=0x000002643fa2cb54 sp=0x000000edd86f8a30
Event: 8.052 Thread 0x000002644ec283d0 DEOPT UNPACKING pc=0x000002643f44469c sp=0x000000edd86f8898 mode 2
Event: 8.052 Thread 0x000002644ec283d0 Uncommon trap: trap_request=0xffffff45 fr.pc=0x000002643fa2bcbc relative=0x000000000000009c
Event: 8.052 Thread 0x000002644ec283d0 Uncommon trap: reason=unstable_if action=reinterpret pc=0x000002643fa2bcbc method=java.lang.Math.min(JJ)J @ 3 c2
Event: 8.052 Thread 0x000002644ec283d0 DEOPT PACKING pc=0x000002643fa2bcbc sp=0x000000edd86f8a90
Event: 8.052 Thread 0x000002644ec283d0 DEOPT UNPACKING pc=0x000002643f44469c sp=0x000000edd86f89a8 mode 2

Classes loaded (20 events):
Event: 8.436 Loading class androidx/compose/runtime/snapshots/StateMapMutableEntriesIterator
Event: 8.436 Loading class androidx/compose/runtime/snapshots/StateMapMutableEntriesIterator done
Event: 8.437 Loading class androidx/compose/runtime/snapshots/StateMapMutableIterator
Event: 8.437 Loading class androidx/compose/runtime/snapshots/StateMapMutableIterator done
Event: 8.438 Loading class androidx/compose/material/ripple/RippleAnimationKt
Event: 8.438 Loading class androidx/compose/material/ripple/RippleAnimationKt done
Event: 8.442 Loading class androidx/compose/ui/graphics/vector/PathNode$RelativeReflectiveCurveTo
Event: 8.442 Loading class androidx/compose/ui/graphics/vector/PathNode$RelativeReflectiveCurveTo done
Event: 8.454 Loading class org/jetbrains/skiko/PictureHolder
Event: 8.454 Loading class org/jetbrains/skiko/PictureHolder done
Event: 8.454 Loading class org/jetbrains/skia/DirectContext
Event: 8.454 Loading class org/jetbrains/skia/DirectContext done
Event: 8.455 Loading class org/jetbrains/skia/DirectContext$Companion
Event: 8.455 Loading class org/jetbrains/skia/DirectContext$Companion done
Event: 8.458 Loading class org/jetbrains/skia/DirectContextKt
Event: 8.458 Loading class org/jetbrains/skia/DirectContextKt done
Event: 8.465 Loading class org/jetbrains/skiko/RenderExceptionsHandler
Event: 8.465 Loading class org/jetbrains/skiko/RenderExceptionsHandler done
Event: 8.466 Loading class org/jetbrains/skiko/RenderExceptionsHandler$Companion
Event: 8.466 Loading class org/jetbrains/skiko/RenderExceptionsHandler$Companion done

Classes unloaded (0 events):
No events

Classes redefined (0 events):
No events

Internal exceptions (20 events):
Event: 3.998 Thread 0x000002644ec283d0 Exception <a 'java/lang/NoSuchMethodError'{0x000000070efc50e0}: 'java.lang.Object java.lang.invoke.DirectMethodHandle$Holder.newInvokeSpecial(java.lang.Object, java.lang.Object, java.lang.Object, java.lang.Object, java.lang.Object)'> (0x000000070efc50e0) 
thrown [s\src\hotspot\share\interpreter\linkResolver.cpp, line 773]
Event: 4.006 Thread 0x000002644ec283d0 Exception <a 'java/lang/NoSuchMethodError'{0x000000070eff1c28}: 'java.lang.Object java.lang.invoke.DirectMethodHandle$Holder.invokeStatic(java.lang.Object, int, java.lang.Object)'> (0x000000070eff1c28) 
thrown [s\src\hotspot\share\interpreter\linkResolver.cpp, line 773]
Event: 4.042 Thread 0x000002644ec283d0 Exception <a 'java/lang/ClassNotFoundException'{0x000000070ecb45a0}: com/sun/swing/internal/plaf/metal/resources/spi/metalProvider> (0x000000070ecb45a0) 
thrown [s\src\hotspot\share\classfile\systemDictionary.cpp, line 312]
Event: 4.045 Thread 0x000002644ec283d0 Exception <a 'java/lang/ClassNotFoundException'{0x000000070ecbdc08}: com/sun/swing/internal/plaf/basic/resources/spi/basicProvider> (0x000000070ecbdc08) 
thrown [s\src\hotspot\share\classfile\systemDictionary.cpp, line 312]
Event: 4.059 Thread 0x000002644ec283d0 Exception <a 'java/lang/NoSuchMethodError'{0x000000070ed14680}: 'int java.lang.invoke.Invokers$Holder.invokeExact_MT(java.lang.Object, java.lang.Object)'> (0x000000070ed14680) 
thrown [s\src\hotspot\share\interpreter\linkResolver.cpp, line 773]
Event: 4.061 Thread 0x000002644ec283d0 Implicit null exception at 0x000002643f9cb0c1 to 0x000002643f9cb454
Event: 4.061 Thread 0x000002644ec283d0 Implicit null exception at 0x000002643f9c63c1 to 0x000002643f9c6704
Event: 4.320 Thread 0x000002644ec283d0 Exception <a 'java/lang/NoSuchMethodError'{0x000000070fe155f8}: 'void java.lang.invoke.DirectMethodHandle$Holder.invokeStaticInit(java.lang.Object)'> (0x000000070fe155f8) 
thrown [s\src\hotspot\share\interpreter\linkResolver.cpp, line 773]
Event: 5.840 Thread 0x000002644ec283d0 Exception <a 'java/lang/NoSuchMethodError'{0x000000070fb96ff8}: 'int java.lang.invoke.DirectMethodHandle$Holder.invokeStaticInit(java.lang.Object, java.lang.Object, java.lang.Object)'> (0x000000070fb96ff8) 
thrown [s\src\hotspot\share\interpreter\linkResolver.cpp, line 773]
Event: 5.884 Thread 0x000002644ec283d0 Exception <a 'java/lang/NoSuchMethodError'{0x000000070f91f7f8}: 'double java.lang.invoke.DirectMethodHandle$Holder.invokeStatic(java.lang.Object, double)'> (0x000000070f91f7f8) 
thrown [s\src\hotspot\share\interpreter\linkResolver.cpp, line 773]
Event: 5.885 Thread 0x000002644ec283d0 Exception <a 'java/lang/NoSuchMethodError'{0x000000070f922fc0}: 'double java.lang.invoke.DirectMethodHandle$Holder.invokeStaticInit(java.lang.Object, double)'> (0x000000070f922fc0) 
thrown [s\src\hotspot\share\interpreter\linkResolver.cpp, line 773]
Event: 5.895 Thread 0x000002644ec283d0 Exception <a 'java/lang/NoSuchMethodError'{0x000000070f96ba30}: 'java.lang.Object java.lang.invoke.DirectMethodHandle$Holder.newInvokeSpecial(java.lang.Object, double)'> (0x000000070f96ba30) 
thrown [s\src\hotspot\share\interpreter\linkResolver.cpp, line 773]
Event: 6.719 Thread 0x000002644ec283d0 Exception <a 'java/lang/NoSuchMethodError'{0x000000070d9c4bc0}: 'void java.lang.invoke.DirectMethodHandle$Holder.invokeStatic(java.lang.Object, java.lang.Object)'> (0x000000070d9c4bc0) 
thrown [s\src\hotspot\share\interpreter\linkResolver.cpp, line 773]
Event: 6.760 Thread 0x000002644ec283d0 Exception <a 'java/lang/NoSuchMethodError'{0x000000070d6c4510}: 'java.lang.Object java.lang.invoke.DirectMethodHandle$Holder.invokeInterface(java.lang.Object, java.lang.Object)'> (0x000000070d6c4510) 
thrown [s\src\hotspot\share\interpreter\linkResolver.cpp, line 773]
Event: 6.794 Thread 0x000002644ec283d0 Exception <a 'java/lang/NoSuchMethodError'{0x000000070d7b8dc0}: 'java.lang.Object java.lang.invoke.DirectMethodHandle$Holder.invokeVirtual(java.lang.Object, java.lang.Object, java.lang.Object)'> (0x000000070d7b8dc0) 
thrown [s\src\hotspot\share\interpreter\linkResolver.cpp, line 773]
Event: 7.091 Thread 0x000002644ec283d0 Exception <a 'java/lang/NoSuchMethodError'{0x0000000701d4ab08}: 'void java.lang.invoke.DirectMethodHandle$Holder.invokeStaticInit(java.lang.Object, java.lang.Object)'> (0x0000000701d4ab08) 
thrown [s\src\hotspot\share\interpreter\linkResolver.cpp, line 773]
Event: 7.198 Thread 0x000002644ec283d0 Exception <a 'sun/nio/fs/WindowsException'{0x0000000701bf8770}> (0x0000000701bf8770) 
thrown [s\src\hotspot\share\prims\jni.cpp, line 520]
Event: 7.282 Thread 0x000002644ec283d0 Exception <a 'java/lang/NoSuchMethodError'{0x00000007019cd968}: 'java.lang.Object java.lang.invoke.DirectMethodHandle$Holder.invokeStaticInit(java.lang.Object, int, int, int, int)'> (0x00000007019cd968) 
thrown [s\src\hotspot\share\interpreter\linkResolver.cpp, line 773]
Event: 7.318 Thread 0x000002644ec283d0 Exception <a 'java/lang/NoSuchMethodError'{0x00000007016735b8}: 'java.lang.Object java.lang.invoke.DirectMethodHandle$Holder.invokeStaticInit(java.lang.Object, java.lang.Object, int, int, int, int)'> (0x00000007016735b8) 
thrown [s\src\hotspot\share\interpreter\linkResolver.cpp, line 773]
Event: 8.467 Thread 0x000002644ec283d0 Exception <a 'java/lang/NoSuchMethodError'{0x0000000701cd9418}: static Lorg/jetbrains/skiko/RenderExceptionsHandler;.throwException(Ljava/lang/String;)V> (0x0000000701cd9418) 
thrown [s\src\hotspot\share\prims\jni.cpp, line 1111]

ZGC Phase Switch (0 events):
No events

VM Operations (20 events):
Event: 6.928 Executing VM operation: CollectForMetadataAllocation (Metadata GC Threshold)
Event: 6.938 Executing VM operation: CollectForMetadataAllocation (Metadata GC Threshold) done
Event: 6.948 Executing VM operation: G1PauseRemark
Event: 6.951 Executing VM operation: G1PauseRemark done
Event: 6.954 Executing VM operation: G1PauseCleanup
Event: 6.954 Executing VM operation: G1PauseCleanup done
Event: 7.099 Executing VM operation: HandshakeAllThreads (Deoptimize)
Event: 7.099 Executing VM operation: HandshakeAllThreads (Deoptimize) done
Event: 7.211 Executing VM operation: HandshakeAllThreads (Deoptimize)
Event: 7.211 Executing VM operation: HandshakeAllThreads (Deoptimize) done
Event: 7.600 Executing VM operation: HandshakeAllThreads (Deoptimize)
Event: 7.600 Executing VM operation: HandshakeAllThreads (Deoptimize) done
Event: 7.935 Executing VM operation: ICBufferFull
Event: 7.935 Executing VM operation: ICBufferFull done
Event: 8.064 Executing VM operation: G1CollectForAllocation (G1 Evacuation Pause)
Event: 8.072 Executing VM operation: G1CollectForAllocation (G1 Evacuation Pause) done
Event: 8.344 Executing VM operation: ChangeBreakpoints
Event: 8.345 Executing VM operation: ChangeBreakpoints done
Event: 8.345 Executing VM operation: ChangeBreakpoints
Event: 8.345 Executing VM operation: ChangeBreakpoints done

Events (20 events):
Event: 3.303 Thread 0x00000264942a5a50 Thread added: 0x00000264942a5a50
Event: 3.305 Thread 0x00000264944c0da0 Thread added: 0x00000264944c0da0
Event: 3.319 Thread 0x000002644ec283d0 Thread exited: 0x000002644ec283d0
Event: 3.336 Thread 0x000002644ec283d0 Thread added: 0x000002644ec283d0
Event: 4.106 Thread 0x000002649d84cdb0 Thread added: 0x000002649d84cdb0
Event: 4.106 Thread 0x000002649d84e7f0 Thread added: 0x000002649d84e7f0
Event: 4.107 Thread 0x000002649d84dad0 Thread added: 0x000002649d84dad0
Event: 4.112 Thread 0x000002649d84f510 Thread added: 0x000002649d84f510
Event: 4.116 Thread 0x000002649d84fba0 Thread added: 0x000002649d84fba0
Event: 6.347 Thread 0x000002649e6b8ca0 Thread added: 0x000002649e6b8ca0
Event: 6.721 Thread 0x000002649e3fd850 Thread added: 0x000002649e3fd850
Event: 7.959 Thread 0x000002649e3f9020 Thread added: 0x000002649e3f9020
Event: 8.337 Thread 0x000002644eb45de0 Thread exited: 0x000002644eb45de0
Event: 8.351 Thread 0x000002644eb72b80 Thread exited: 0x000002644eb72b80
Event: 8.419 Thread 0x000002649e3fec00 Thread added: 0x000002649e3fec00
Event: 8.420 Thread 0x000002649e3f9d40 Thread added: 0x000002649e3f9d40
Event: 8.420 Thread 0x000002649e00f510 Thread added: 0x000002649e00f510
Event: 8.426 Thread 0x000002649e00f510 Thread exited: 0x000002649e00f510
Event: 8.429 Thread 0x000002649e3f9020 Thread exited: 0x000002649e3f9020
Event: 8.430 Thread 0x00000264944c0da0 Thread exited: 0x00000264944c0da0


Dynamic libraries:
0x00007ff69b3b0000 - 0x00007ff69b3be000 	C:\Users\Семья\.jdks\corretto-21.0.3\bin\java.exe
0x00007ffd4f490000 - 0x00007ffd4f688000 	C:\Windows\SYSTEM32\ntdll.dll
0x00007ffd4e3b0000 - 0x00007ffd4e46d000 	C:\Windows\System32\KERNEL32.DLL
0x00007ffd4cdb0000 - 0x00007ffd4d0a6000 	C:\Windows\System32\KERNELBASE.dll
0x00007ffd4cba0000 - 0x00007ffd4cca0000 	C:\Windows\System32\ucrtbase.dll
0x00007ffd42390000 - 0x00007ffd423ab000 	C:\Users\Семья\.jdks\corretto-21.0.3\bin\VCRUNTIME140.dll
0x00007ffd41dd0000 - 0x00007ffd41de8000 	C:\Users\Семья\.jdks\corretto-21.0.3\bin\jli.dll
0x00007ffd4ef80000 - 0x00007ffd4f11f000 	C:\Windows\System32\USER32.dll
0x00007ffd4d1d0000 - 0x00007ffd4d1f2000 	C:\Windows\System32\win32u.dll
0x00007ffd3dd30000 - 0x00007ffd3dfca000 	C:\Windows\WinSxS\amd64_microsoft.windows.common-controls_6595b64144ccf1df_6.0.19041.4355_none_60b8b9eb71f62e16\COMCTL32.dll
0x00007ffd4e380000 - 0x00007ffd4e3ab000 	C:\Windows\System32\GDI32.dll
0x00007ffd4e2d0000 - 0x00007ffd4e36e000 	C:\Windows\System32\msvcrt.dll
0x00007ffd4d0b0000 - 0x00007ffd4d1c7000 	C:\Windows\System32\gdi32full.dll
0x00007ffd4cd10000 - 0x00007ffd4cdad000 	C:\Windows\System32\msvcp_win.dll
0x00007ffd4e6d0000 - 0x00007ffd4e6ff000 	C:\Windows\System32\IMM32.DLL
0x00007ffd45800000 - 0x00007ffd4580c000 	C:\Users\Семья\.jdks\corretto-21.0.3\bin\vcruntime140_1.dll
0x00007ffd303e0000 - 0x00007ffd3046d000 	C:\Users\Семья\.jdks\corretto-21.0.3\bin\msvcp140.dll
0x00007ffce9dd0000 - 0x00007ffceab61000 	C:\Users\Семья\.jdks\corretto-21.0.3\bin\server\jvm.dll
0x00007ffd4e620000 - 0x00007ffd4e6d0000 	C:\Windows\System32\ADVAPI32.dll
0x00007ffd4d610000 - 0x00007ffd4d6b0000 	C:\Windows\System32\sechost.dll
0x00007ffd4e180000 - 0x00007ffd4e2a3000 	C:\Windows\System32\RPCRT4.dll
0x00007ffd4d4a0000 - 0x00007ffd4d4c7000 	C:\Windows\System32\bcrypt.dll
0x00007ffd4f120000 - 0x00007ffd4f18b000 	C:\Windows\System32\WS2_32.dll
0x00007ffd4c0d0000 - 0x00007ffd4c11b000 	C:\Windows\SYSTEM32\POWRPROF.dll
0x00007ffd45730000 - 0x00007ffd45757000 	C:\Windows\SYSTEM32\WINMM.dll
0x00007ffd464d0000 - 0x00007ffd464da000 	C:\Windows\SYSTEM32\VERSION.dll
0x00007ffd4bf40000 - 0x00007ffd4bf52000 	C:\Windows\SYSTEM32\UMPDC.dll
0x00007ffd4a9f0000 - 0x00007ffd4aa02000 	C:\Windows\SYSTEM32\kernel.appcore.dll
0x00007ffd41e70000 - 0x00007ffd41e7a000 	C:\Users\Семья\.jdks\corretto-21.0.3\bin\jimage.dll
0x00007ffd3ed50000 - 0x00007ffd3ef34000 	C:\Windows\SYSTEM32\DBGHELP.DLL
0x00007ffd2eaf0000 - 0x00007ffd2eb24000 	C:\Windows\SYSTEM32\dbgcore.DLL
0x00007ffd4d2b0000 - 0x00007ffd4d332000 	C:\Windows\System32\bcryptPrimitives.dll
0x00007ffd3b270000 - 0x00007ffd3b2ac000 	C:\Users\Семья\.jdks\corretto-21.0.3\bin\jdwp.dll
0x00007ffd41b60000 - 0x00007ffd41b6e000 	C:\Users\Семья\.jdks\corretto-21.0.3\bin\instrument.dll
0x00007ffd3c1f0000 - 0x00007ffd3c20f000 	C:\Users\Семья\.jdks\corretto-21.0.3\bin\java.dll
0x00007ffd3a110000 - 0x00007ffd3a128000 	C:\Users\Семья\.jdks\corretto-21.0.3\bin\zip.dll
0x00007ffd4e810000 - 0x00007ffd4ef7c000 	C:\Windows\System32\SHELL32.dll
0x00007ffd4abf0000 - 0x00007ffd4b38d000 	C:\Windows\SYSTEM32\windows.storage.dll
0x00007ffd4d830000 - 0x00007ffd4db83000 	C:\Windows\System32\combase.dll
0x00007ffd4c570000 - 0x00007ffd4c59e000 	C:\Windows\SYSTEM32\Wldp.dll
0x00007ffd4d760000 - 0x00007ffd4d82d000 	C:\Windows\System32\OLEAUT32.dll
0x00007ffd4f190000 - 0x00007ffd4f23d000 	C:\Windows\System32\SHCORE.dll
0x00007ffd4e120000 - 0x00007ffd4e175000 	C:\Windows\System32\shlwapi.dll
0x00007ffd4ca80000 - 0x00007ffd4caa4000 	C:\Windows\SYSTEM32\profapi.dll
0x00007ffd21200000 - 0x00007ffd212d7000 	C:\Users\Семья\.jdks\corretto-21.0.3\bin\jsvml.dll
0x00007ffd426d0000 - 0x00007ffd426db000 	C:\Users\Семья\.jdks\corretto-21.0.3\bin\dt_socket.dll
0x00007ffd4bf60000 - 0x00007ffd4bf9b000 	C:\Windows\SYSTEM32\IPHLPAPI.DLL
0x00007ffd4c2d0000 - 0x00007ffd4c33a000 	C:\Windows\system32\mswsock.dll
0x00007ffd3c1e0000 - 0x00007ffd3c1f0000 	C:\Users\Семья\.jdks\corretto-21.0.3\bin\net.dll
0x00007ffd469b0000 - 0x00007ffd46aba000 	C:\Windows\SYSTEM32\WINHTTP.dll
0x00007ffd3a0f0000 - 0x00007ffd3a106000 	C:\Users\Семья\.jdks\corretto-21.0.3\bin\nio.dll
0x00007ffd126a0000 - 0x00007ffd1282d000 	C:\Users\Семья\.jdks\corretto-21.0.3\bin\awt.dll
0x00007ffd48660000 - 0x00007ffd486f0000 	C:\Windows\SYSTEM32\apphelp.dll
0x00007ffd4a490000 - 0x00007ffd4a52e000 	C:\Windows\system32\uxtheme.dll
0x00007ffd4e000000 - 0x00007ffd4e114000 	C:\Windows\System32\MSCTF.dll
0x00007ffd4f2b0000 - 0x00007ffd4f3db000 	C:\Windows\System32\ole32.dll
0x00007ffd4a700000 - 0x00007ffd4a72f000 	C:\Windows\system32\DWMAPI.DLL
0x00007ffd11430000 - 0x00007ffd11555000 	C:\Windows\system32\opengl32.dll
0x00007ffd16020000 - 0x00007ffd1604c000 	C:\Windows\SYSTEM32\GLU32.dll
0x00007ffd43430000 - 0x00007ffd434ec000 	C:\Windows\System32\DriverStore\FileRepository\nvmdig.inf_amd64_faac8d1bca70beae\nvldumdx.dll
0x00007ffd4c700000 - 0x00007ffd4c712000 	C:\Windows\SYSTEM32\msasn1.dll
0x00007ffd462d0000 - 0x00007ffd46301000 	C:\Windows\SYSTEM32\cryptnet.dll
0x00007ffd4d340000 - 0x00007ffd4d49e000 	C:\Windows\System32\CRYPT32.dll
0x00007ffd45ea0000 - 0x00007ffd45fe7000 	C:\Windows\SYSTEM32\drvstore.dll
0x00007ffd4c8d0000 - 0x00007ffd4c903000 	C:\Windows\SYSTEM32\devobj.dll
0x00007ffd4cb50000 - 0x00007ffd4cb9e000 	C:\Windows\System32\cfgmgr32.dll
0x00007ffd4c4c0000 - 0x00007ffd4c4cc000 	C:\Windows\SYSTEM32\cryptbase.dll
0x00007ffd4cca0000 - 0x00007ffd4cd09000 	C:\Windows\System32\wintrust.dll
0x00007ffd4e2b0000 - 0x00007ffd4e2cd000 	C:\Windows\System32\imagehlp.dll
0x00007ffd4c4d0000 - 0x00007ffd4c4e8000 	C:\Windows\SYSTEM32\CRYPTSP.dll
0x00007ffd4bb80000 - 0x00007ffd4bbb4000 	C:\Windows\system32\rsaenh.dll
0x00007ffce6c40000 - 0x00007ffce9dcd000 	C:\Windows\System32\DriverStore\FileRepository\nvmdig.inf_amd64_faac8d1bca70beae\nvd3dumx.dll
0x00007ffd4b3a0000 - 0x00007ffd4b3c3000 	C:\Windows\SYSTEM32\gpapi.dll
0x00007ffd48010000 - 0x00007ffd4804b000 	C:\Windows\SYSTEM32\dxcore.dll
0x00007ffce5bf0000 - 0x00007ffce6c3c000 	C:\Users\Семья\.skiko\0de0d8dd8554d9bb66cfca3837db6514ff9b71080e998917280a3b777460a416\skiko-windows-x64.dll
0x00007ffd2e840000 - 0x00007ffd2e8c7000 	C:\Users\Семья\.jdks\corretto-21.0.3\bin\freetype.dll
0x00007ffd23080000 - 0x00007ffd23162000 	C:\Users\Семья\.jdks\corretto-21.0.3\bin\fontmanager.dll
0x00007ffd41c30000 - 0x00007ffd41c37000 	C:\Users\Семья\.jdks\corretto-21.0.3\bin\jawt.dll
0x00007ffd4b3d0000 - 0x00007ffd4b4c2000 	C:\Windows\SYSTEM32\Dxgi.dll
0x00007ffd331a0000 - 0x00007ffd331c5000 	C:\Windows\SYSTEM32\D3D12.dll
0x00007ffd12290000 - 0x00007ffd1245d000 	C:\Windows\SYSTEM32\D3D12Core.dll
0x00007ffd338d0000 - 0x00007ffd397ae000 	C:\Windows\System32\DriverStore\FileRepository\nvmdig.inf_amd64_faac8d1bca70beae\nvwgf2umx.dll
0x00007ffd4e370000 - 0x00007ffd4e378000 	C:\Windows\System32\NSI.dll
0x00007ffd47e70000 - 0x00007ffd47e8d000 	C:\Windows\SYSTEM32\dhcpcsvc.DLL
0x00007ffd2d870000 - 0x00007ffd2dfa7000 	C:\Windows\System32\DriverStore\FileRepository\nvmdig.inf_amd64_faac8d1bca70beae\Display.NvContainer\MessageBus.dll
0x00007ffd30b90000 - 0x00007ffd30bbb000 	C:\Windows\SYSTEM32\D3DSCache.dll
0x00007ffd4c9f0000 - 0x00007ffd4ca1e000 	C:\Windows\SYSTEM32\USERENV.dll
0x00007ffd45be0000 - 0x00007ffd45de3000 	C:\Windows\SYSTEM32\twinapi.appcore.dll
0x00007ffd39c90000 - 0x00007ffd39f0f000 	C:\Windows\SYSTEM32\dwrite.dll
0x00007ffd4bfb0000 - 0x00007ffd4c07a000 	C:\Windows\SYSTEM32\DNSAPI.dll
0x00007ffd454f0000 - 0x00007ffd454fa000 	C:\Windows\System32\rasadhlp.dll
0x00007ffd45100000 - 0x00007ffd45180000 	C:\Windows\System32\fwpuclnt.dll
0x00007ffd397f0000 - 0x00007ffd397f9000 	C:\Users\Семья\.jdks\corretto-21.0.3\bin\extnet.dll
0x00007ffd397e0000 - 0x00007ffd397ee000 	C:\Users\Семья\.jdks\corretto-21.0.3\bin\sunmscapi.dll
0x00007ffd4c5e0000 - 0x00007ffd4c609000 	C:\Windows\SYSTEM32\ncrypt.dll
0x00007ffd4c5a0000 - 0x00007ffd4c5db000 	C:\Windows\SYSTEM32\NTASN1.dll

dbghelp: loaded successfully - version: 4.0.5 - missing functions: none
symbol engine: initialized successfully - sym options: 0x614 - pdb path: .;C:\Users\Семья\.jdks\corretto-21.0.3\bin;C:\Windows\SYSTEM32;C:\Windows\WinSxS\amd64_microsoft.windows.common-controls_6595b64144ccf1df_6.0.19041.4355_none_60b8b9eb71f62e16;C:\Users\Семья\.jdks\corretto-21.0.3\bin\server;C:\Windows\System32\DriverStore\FileRepository\nvmdig.inf_amd64_faac8d1bca70beae;C:\Users\Семья\.skiko\0de0d8dd8554d9bb66cfca3837db6514ff9b71080e998917280a3b777460a416;C:\Windows\System32\DriverStore\FileRepository\nvmdig.inf_amd64_faac8d1bca70beae\Display.NvContainer

VM Arguments:
jvm_args: -agentlib:jdwp=transport=dt_socket,address=127.0.0.1:53188,suspend=y,server=n -javaagent:C:/Users/Семья/.gradle/caches/modules-2/files-2.1/org.jetbrains.kotlinx/kotlinx-coroutines-core-jvm/1.6.4/2c997cd1c0ef33f3e751d3831929aeff1390cb30/kotlinx-coroutines-core-jvm-1.6.4.jar -javaagent:C:\Users\Семья\Downloads\ideaIC-2024.1.4.win\plugins\java\lib\rt\debugger-agent.jar=file:/C:/Users/%D0%A1%D0%B5%D0%BC%D1%8C%D1%8F/AppData/Local/Temp/capture.props -Dfile.encoding=UTF-8 -Dsun.stdout.encoding=UTF-8 -Dsun.stderr.encoding=UTF-8 
java_command: MainKt
java_class_path (initial): C:\Users\Семья\IdeaProjects\NovoVet\build\classes\kotlin\main;C:\Users\Семья\IdeaProjects\NovoVet\build\resources\main;C:\Users\Семья\.gradle\caches\modules-2\files-2.1\org.jetbrains.kotlin\kotlin-stdlib\1.9.20\e58b4816ac517e9cc5df1db051120c63d4cde669\kotlin-stdlib-1.9.20.jar;C:\Users\Семья\.gradle\caches\modules-2\files-2.1\ca.gosyer\compose-material-dialogs-datetime-jvm\0.9.3\6697d3763b505daca2ac855bc4afc9f0798e0404\compose-material-dialogs-datetime-jvm.jar;C:\Users\Семья\.gradle\caches\modules-2\files-2.1\ca.gosyer\compose-material-dialogs-core-jvm\0.9.3\5e2f543bb40836fd47e17798d011d581a84b1d57\compose-material-dialogs-core-jvm.jar;C:\Users\Семья\.gradle\caches\modules-2\files-2.1\org.jetbrains\annotations\13.0\919f0dfe192fb4e063e7dacadee7f8bb9a2672a9\annotations-13.0.jar;C:\Users\Семья\.gradle\caches\modules-2\files-2.1\com.mysql\mysql-connector-j\8.0.33\9e64d997873abc4318620264703d3fdb6b02dd5a\mysql-connector-j-8.0.33.jar;C:\Users\Семья\.gradle\caches\modules-2\files-2.1\org.jetbrains.compose.desktop\desktop-jvm\1.4.1\922ebea5ab9e202ee66ab4f4f567a74184eddbc1\desktop-jvm-1.4.1.jar;C:\Users\Семья\.gradle\caches\modules-2\files-2.1\org.jetbrains.kotlin\kotlin-stdlib-jdk8\1.8.20\73576ddf378c5b4f1f6b449fe6b119b8183fc078\kotlin-stdlib-jdk8-1.8.20.jar;C:\Users\Семья\.gradle\caches\modules-2\files-2.1\com.google.protobuf\protobuf-java\3.21.9\ed1240d9231044ce6ccf1978512f6e44416bb7e7\protobuf-java-3.21.9.jar;C:\Users\Семья\.gradle\caches\modules-2\files-2.1\org.jetbrains.kotlin\kotlin-stdlib-jdk7\1.8.20\3aa51faf20aae8b31e1a4bc54f8370673d7b7df4\kotlin-stdlib-jdk7-1.8.20.jar;C:\Users\Семья\.gradle\caches\modules-2\files-2.1\org.jetbrains.kotlinx\kotlinx-datetime-jvm\0.4.0\2224732fcb9b6116fbeb0926dd108604e578356b\kotlinx-datetime-jvm-0.4.0.jar;C:\Users\Семья\.gradle\caches\modules-2\files-2.1\org.jetbrains.compose.material\material-desktop\1.4.1\f478f814ee2fb95aba5a206e48c33b912cc66ff1\material-desktop-1.4.1.jar;C:\Users\Семья\.gradle\caches\modules-2\files-2.1\org.jetbrains.compose.foundation\foundation-desktop\1.4.1\3af50bcd26973491ed32b251d234fae55c0b3c97\foundation-desktop-1.4.1.jar;C:\Users\Семья\.gradle\caches\modules-2\files-2.1\org.jetbrains.compose.ui\ui-desktop\1.4.1\5005c7404c035c267cac2ec8b9dd08ca65766a04\ui-desktop-1.4.1.jar;C:\Users\Семья\.gradle\caches\modules-2\files-2.1\org.jetbrains.compose.ui\ui-tooling-preview-desktop\1.4.1\16e8e3a0dd0d52b5e4877a54bc345668ba23428d\ui-tooling-preview-desktop-1.4.1.jar;C:\Users\Семья\.gradle\caches\modules-2\files-2.1\org.jetbrains.compose.runtime\runtime-desktop\1.4.1\b268d41542ceb3c8d5d101222c14330874c5d8e6\runtime-desktop-1.4.1.jar;C:\Users\Семья\.gradle\caches\modules-2\files-2.1\org.jetbrains.compose.material\material-ripple-desktop\1.4.1\4c42972aefc0908954af022d213e4c6d00daf288\material-ripple-desktop-1.4.1.jar;C:\Users\Семья\.gradle\caches\modules-2\files-2.1\org.jetbrains.compose.material\material-icons-core-desktop\1.4.1\26323c8bdd56b7587adb49ccde9b54f6c6d4f66c\material-icons-core-desktop-1.4.1.jar;C:\Users\Семья\.gradle\caches\modules-2\files-2.1\org.jetbrains.compose.ui\ui-text-desktop\1.4.1\d8c913f93cf15ebd065996473e228c5353b0d94d\ui-text-desktop-1.4.1.jar;C:\Users\Семья\.gradle\caches\modules-2\files-2.1\org.jetbrains.compose.animation\animation-core-desktop\1.4.1\44c90efd68332262293d06a2c07585cc7b9fa8b5\animation-core-desktop-1.4.1.jar;C:\Users\Семья\.gradle\caches\modules-2\files-2.1\org.jetbrains.compose.animation\animation-desktop\1.4.1\1155347d9aa6281e0805cb5b9707ed7e89e345b1\animation-desktop-1.4.1.jar;C:\Users\Семья\.gradle\caches\modules-2\files-2.1\org.jetbrains.skiko\skiko-awt\0.7.63\4da1aa9929b9cc7d10295db9d71aec62c34c7842\skiko-awt-0.7.63.jar;C:\Users\Семья\.gradle\caches\modules-2\files-2.1\org.jetbrains.compose.ui\ui-graphics-desktop\1.4.1\3b05e5c92bb6a4e92266359905c7e0866fdcc3ea\ui-graphics-desktop-1.4.1.jar;C:\Users\Семья\.gradle\caches\modules-2\files-2.1\org.jetbrains.compose.runtime\runtime-saveable-desktop\1.4.1\2bb14fd8fe4ab551a04330a4431187de2ecb1c2a\runtime-saveable-desktop-1.4.1.jar;C:\Users\Семья\.gradle\caches\modules-2\files-2.1\org.jetbrains.compose.ui\ui-unit-desktop\1.4.1\ce79e803d4f0b33631c958f64ff36a7010580d16\ui-unit-desktop-1.4.1.jar;C:\Users\Семья\.gradle\caches\modules-2\files-2.1\org.jetbrains.compose.ui\ui-geometry-desktop\1.4.1\81ea1ab414ba9926972708e9f4ca7ac499cd9137\ui-geometry-desktop-1.4.1.jar;C:\Users\Семья\.gradle\caches\modules-2\files-2.1\org.jetbrains.kotlinx\kotlinx-coroutines-core-jvm\1.6.4\2c997cd1c0ef33f3e751d3831929aeff1390cb30\kotlinx-coroutines-core-jvm-1.6.4.jar;C:\Users\Семья\.gradle\caches\modules-2\files-2.1\org.jetbrains.compose.foundation\foundation-layout-desktop\1.4.1\24afb95a5aa95d3fd0b7379ad7555931ce739f0c\foundation-layout-desktop-1.4.1.jar;C:\Users\Семья\.gradle\caches\modules-2\files-2.1\org.jetbrains.skiko\skiko-awt-runtime-windows-x64\0.7.63\a1e930529804f43fff759466a08acdafcc8909a1\skiko-awt-runtime-windows-x64-0.7.63.jar;C:\Users\Семья\.gradle\caches\modules-2\files-2.1\org.jetbrains.compose.ui\ui-util-desktop\1.4.1\3c3db20f77732f5874778c90cb589aba74ca81f3\ui-util-desktop-1.4.1.jar;C:\Users\Семья\.gradle\caches\modules-2\files-2.1\org.jetbrains.kotlinx\atomicfu-jvm\0.17.0\d3d2e380b6ee28231118101d09ae6dd06a1db1cb\atomicfu-jvm-0.17.0.jar;C:\Users\Семья\Downloads\ideaIC-2024.1.4.win\lib\idea_rt.jar
Launcher Type: SUN_STANDARD

[Global flags]
     intx CICompilerCount                          = 3                                         {product} {ergonomic}
     uint ConcGCThreads                            = 2                                         {product} {ergonomic}
     uint G1ConcRefinementThreads                  = 6                                         {product} {ergonomic}
   size_t G1HeapRegionSize                         = 2097152                                   {product} {ergonomic}
    uintx GCDrainStackTargetSize                   = 64                                        {product} {ergonomic}
   size_t InitialHeapSize                          = 268435456                                 {product} {ergonomic}
   size_t MarkStackSize                            = 4194304                                   {product} {ergonomic}
   size_t MaxHeapSize                              = 4294967296                                {product} {ergonomic}
   size_t MaxNewSize                               = 2575302656                                {product} {ergonomic}
   size_t MinHeapDeltaBytes                        = 2097152                                   {product} {ergonomic}
   size_t MinHeapSize                              = 8388608                                   {product} {ergonomic}
    uintx NonNMethodCodeHeapSize                   = 5832780                                {pd product} {ergonomic}
    uintx NonProfiledCodeHeapSize                  = 122912730                              {pd product} {ergonomic}
    uintx ProfiledCodeHeapSize                     = 122912730                              {pd product} {ergonomic}
    uintx ReservedCodeCacheSize                    = 251658240                              {pd product} {ergonomic}
     bool SegmentedCodeCache                       = true                                      {product} {ergonomic}
   size_t SoftMaxHeapSize                          = 4294967296                             {manageable} {ergonomic}
     bool UseCompressedOops                        = true                           {product lp64_product} {ergonomic}
     bool UseG1GC                                  = true                                      {product} {ergonomic}
     bool UseLargePagesIndividualAllocation        = false                                  {pd product} {ergonomic}

Logging:
Log output configuration:
 #0: stdout all=warning uptime,level,tags foldmultilines=false
 #1: stderr all=off uptime,level,tags foldmultilines=false

Environment Variables:
PATH=C:\Program Files (x86)\VMware\VMware Workstation\bin\;C:\Windows\system32;C:\Windows;C:\Windows\System32\Wbem;C:\Windows\System32\WindowsPowerShell\v1.0\;C:\Windows\System32\OpenSSH\;C:\Program Files (x86)\NVIDIA Corporation\PhysX\Common;C:\Program Files (x86)\Common Files\Acronis\SnapAPI\;C:\Program Files\Git\cmd;C:\Program Files\MySQL\MySQL Shell 8.0\bin\;C:\Users\Семья\AppData\Local\Microsoft\WindowsApps;
USERNAME=Семья
OS=Windows_NT
PROCESSOR_IDENTIFIER=AMD64 Family 16 Model 10 Stepping 0, AuthenticAMD
TMP=C:\Users\38E2~1\AppData\Local\Temp
TEMP=C:\Users\38E2~1\AppData\Local\Temp




Periodic native trim disabled

---------------  S Y S T E M  ---------------

OS:
 Windows 10 , 64 bit Build 19041 (10.0.19041.3636)
OS uptime: 3 days 22:17 hours

CPU: total 6 (initial active 6) (6 cores per cpu, 1 threads per core) family 16 model 10 stepping 0 microcode 0x0, cx8, cmov, fxsr, mmx, 3dnowpref, sse, sse2, sse3, sse4a, popcnt, lzcnt, tsc, tscinvbit, clflush, rdtscp
Processor Information for all 6 processors :
  Max Mhz: 2800, Current Mhz: 2800, Mhz Limit: 2800

Memory: 4k page, system-wide physical 16381M (9989M free)
TotalPageFile size 18813M (AvailPageFile size 10073M)
current process WorkingSet (physical memory assigned to process): 229M, peak: 233M
current process commit charge ("private bytes"): 294M, peak: 480M

vm_info: OpenJDK 64-Bit Server VM (21.0.3+9-LTS) for windows-amd64 JRE (21.0.3+9-LTS), built on 2024-04-10T19:10:39Z by "Administrator" with MS VC++ 16.10 / 16.11 (VS2019)

END.
